// Jest Snapshot v1, https://goo.gl/fbAQLP

exports[`compile should assert an invalid rule value 1`] = `
Array [
  Object {
    "actual": null,
    "expected": null,
    "message": "Rule color could not be parsed due to boolean value type.",
  },
]
`;

exports[`compile should assert an invalid sheet 1`] = `
Object {
  "default": Object {
    "b765dfa68": Object {
      "children": "",
      "key": "backgroundColor",
      "keyId": "bb7c5a6d0",
      "media": undefined,
      "value": "yellow",
    },
    "cb34cd11f": Object {
      "children": "",
      "key": "color",
      "keyId": "c3d7e6258",
      "media": undefined,
      "value": "red",
    },
  },
}
`;

exports[`compile should assert an invalid sheet 2`] = `
Array [
  Object {
    "actual": "string",
    "expected": "object",
    "message": "Expected classname foo to be an object of rules.",
  },
]
`;

exports[`compile should assert invalid pseudo classes 1`] = `
Array [
  Object {
    "actual": Array [
      ":active",
      ":checked",
      ":disabled",
      ":empty",
      ":enabled",
      ":first-child",
      ":first-of-type",
      ":focus",
      ":hover",
      ":in-range",
      ":invalid",
      ":lang(language)",
      ":last-child",
      ":last-of-type",
      ":link",
      ":not(selector)",
      ":nth-child(n)",
      ":nth-last-child(n)",
      ":nth-last-of-type(n)",
      ":nth-of-type(n)",
      ":only-of-type",
      ":only-child",
      ":optional",
      ":out-of-range",
      ":read-only",
      ":read-write",
      ":required",
      ":root",
      ":target",
      ":valid",
      ":visited",
    ],
    "expected": ":iAmAnInvalidPseudoClass",
    "message": "Rule &:iAmAnInvalidPseudoClass uses an invalid CSS pseudo class.",
  },
  Object {
    "actual": null,
    "expected": null,
    "message": "Rule color could not be parsed due to boolean value type.",
  },
]
`;
